Opening file tests/test5c.psc...
compilation finished with success
